pool: 100 wallets (top by volume this month); window: last 14 days
profit before window known for 99; in profit 70; 'proven' = top 23
  1/100 ferrariChampions2026: 320 decisions
  2/100 RN1: 270 decisions
  3/100 Flaznorp: 710 decisions
  4/100 0x2c335066FE58fe9237c3d3Dc7b275C2a034a0563-1759935795465: 266 decisions
  5/100 UpTheBlues: 498 decisions
  6/100 HomeRunHazard: 668 decisions
  7/100 wr0ngw4yb3tt0r: 285 decisions
  8/100 GoalLineGhost: 433 decisions
  9/100 VeryLucky888: 441 decisions
  10/100 38791873984189: 534 decisions
  11/100 nigiri99: 340 decisions
  12/100 Diabolical-Prize: 36 decisions
  13/100 BreakTheBank: 73 decisions
  14/100 0x32b484581fc5606dE9C1e43AF4636b6Be9BC8B21-1774274303653: 167 decisions
  15/100 timetowander: 33 decisions
  16/100 Sassy-Bucket: 48 decisions
  17/100 mooseborzoii: 205 decisions
  18/100 0x9e3ed7b661a903fc97afcf49e0f014ebe869f882-1783406009396: 942 decisions
  19/100 mooseborzoi: 322 decisions
  20/100 0xD9E0AACa471f48F91A26E8669A805f2: 162 decisions
  21/100 NS13: 199 decisions
  22/100 omnibus-076daa: 1035 decisions
  23/100 0x9b11866433281ade9f2811dbde8acdefc45f5375: 373 decisions
  24/100 suntori: 865 decisions
  25/100 0x06dc51826bc524d9a83770e7de9dd7e005b0452: 348 decisions
  26/100 CrouchPredictions: 48 decisions
  27/100 00gringo00: 0 decisions
  28/100 SnakeBall: 1079 decisions
  29/100 0x4f2: 276 decisions
  30/100 0x3DFb153c197D4C19D3B31c1ecD2c7B6860eeabAf-1722957908185: 124 decisions
  31/100 gmpm2: 180 decisions
  32/100 SmartPredictOrNot: 6 decisions
  33/100 Godoubleu: 53 decisions
  34/100 NotJump: 188 decisions
  35/100 Malfunction.: 315 decisions
  36/100 a5533: 536 decisions
  37/100 0xb55fa1296E6ec55D0cE53d93B9237389f11764d4-1777575277609: 336 decisions
  38/100 0xBc43c8bfBC4d77c2FC9011adaD38Ba43b88996d3-1765231687816: 55 decisions
  39/100 0x99a093771ad58bcfc3023cd75566415f: 76 decisions
  40/100 antec: 407 decisions
  41/100 kkookkoo: 198 decisions
  42/100 crispychook99: 65 decisions
  43/100 BrotherObama: 92 decisions
  44/100 totoro3miyazaki: 2 decisions
  45/100 halvanicus: 0 decisions
  46/100 0x228B8d11EBa89BF1c554f8879a9293B7106DaF4c-1765442354872: 405 decisions
  47/100 vtcchampion52: 1 decisions
  48/100 0xB27BC932bf8110D8F78e55da7d5f0497A18B5b82-1772569391020: 110 decisions
  49/100 surfandturf: 55 decisions
  50/100 takeormake: 364 decisions
  51/100 tmsd-test: 112 decisions
  52/100 Donkey14: 150 decisions
  53/100 norm1e69: 375 decisions
  54/100 AnonymousUsername: 395 decisions
  55/100 coinfilippe: 149 decisions
  56/100 Polkadot-Frog: 86 decisions
  57/100 iii252: 105 decisions
  58/100 alpheclabs: 1059 decisions
  59/100 x-MoneyForWhiskas: 115 decisions
  60/100 no1dodgersfan: 879 decisions
  61/100 aaaa298: 245 decisions
  62/100 cigarettes: 1081 decisions
  63/100 neutralwave23: 1180 decisions
  64/100 yguaihdkjls: 62 decisions
  65/100 0xF201A19b43471261A3c1Ba9247335d55270e527e-1763824114616: 90 decisions
  66/100 3648393489047: 213 decisions
  67/100 bluemario: 57 decisions
  68/100 Nooserac: 407 decisions
  69/100 hdueilqhsdn: 123 decisions
  70/100 Herdonia: 296 decisions
  71/100 Noprajsk: 4 decisions
  72/100 BoneOhio: 702 decisions
  73/100 0x29b52d98ac9ef9414b04164246c95BC63d7: 322 decisions
  74/100 0x78becf0a4e4f2640380af0c19ad32e2557e6bde0: 125 decisions
  75/100 GC-P: 561 decisions
  76/100 Kch-Temp: 62 decisions
  77/100 ComTruise: 153 decisions
  78/100 ethanaz: 130 decisions
  79/100 vtcchampion53: 0 decisions
  80/100 NM-P: 556 decisions
  81/100 efntrick: 138 decisions
  82/100 qwe258: 1021 decisions
  83/100 0F62: 129 decisions
  84/100 Tiger200: 22 decisions
  85/100 pleaseplease123: 7 decisions
  86/100 Haradwaith: 581 decisions
  87/100 curie: 1162 decisions
  88/100 0x99F0d31fdced5B3A0e5Ee2867730A6644a6C9495-1779037126382: 481 decisions
  89/100 LuckyLoo: 1334 decisions
  90/100 justaluckydude: 1159 decisions
  91/100 ripley86alien: 2 decisions
  92/100 emacron: 319 decisions
  93/100 CoinTrick: 626 decisions
  94/100 0xa0f21e6d351baa9185716b5c00c2925ed9621848: 206 decisions
  95/100 ghostorder: 416 decisions
  96/100 itsonlyamatteroftime: 400 decisions
  97/100 CandleHammerDrums: 429 decisions
  98/100 0xheavy888: 623 decisions
  99/100 0x50f7: 1004 decisions
  100/100 lllllllIlll: 92 decisions
  priced 0/11787
  priced 200/11787
  priced 400/11787
  priced 600/11787
  priced 800/11787
  priced 1000/11787
  priced 1200/11787
  priced 1400/11787
  priced 1600/11787
  priced 1800/11787
  priced 2000/11787
  priced 2200/11787
  priced 2400/11787
  priced 2600/11787
  priced 2800/11787
  priced 3000/11787
  priced 3200/11787
  priced 3400/11787
  priced 3600/11787
  priced 3800/11787
  priced 4000/11787
  priced 4400/11787
  priced 4600/11787
  priced 5000/11787
  priced 5200/11787
  priced 5400/11787
  priced 5600/11787
  priced 5800/11787
  priced 6000/11787
  priced 6200/11787
  priced 6400/11787
  priced 6600/11787
  priced 6800/11787
  priced 7000/11787
  priced 7200/11787
  priced 7400/11787
  priced 7600/11787
  priced 7800/11787
  priced 8000/11787
  priced 8200/11787
  priced 8400/11787
  priced 8600/11787
  priced 8800/11787
  priced 9000/11787
  priced 9200/11787
  priced 9400/11787
  priced 9600/11787
  priced 10000/11787
  priced 10200/11787
  priced 10400/11787
  priced 10600/11787
  priced 10800/11787
  priced 11000/11787
  priced 11200/11787
  priced 11400/11787
[
  {
    "group": "proven",
    "wallets": 22,
    "decisions": 2583,
    "trader_return": "+3.1% \u00b1 5.1% (n=2583)",
    "copy_1m": "+1.2% \u00b1 17.4% (n=157)",
    "copy_5m": "+2.3% \u00b1 20.0% (n=157)",
    "copy_1m_plus_1c": "-1.0% \u00b1 16.9% (n=157)",
    "copy_5m_plus_1c": "-0.2% \u00b1 18.9% (n=157)",
    "price_moved_by_1m_cents": "+1.2\u00a2 \u00b1 0.7\u00a2 (n=157)",
    "price_moved_by_5m_cents": "+2.1\u00a2 \u00b1 1.0\u00a2 (n=157)",
    "copy_1m_win_rate": "52%"
  },
  {
    "group": "in_profit_rest",
    "wallets": 46,
    "decisions": 5082,
    "trader_return": "-0.9% \u00b1 4.0% (n=5082)",
    "copy_1m": "-13.3% \u00b1 12.1% (n=251)",
    "copy_5m": "-14.1% \u00b1 12.0% (n=251)",
    "copy_1m_plus_1c": "-14.9% \u00b1 11.5% (n=251)",
    "copy_5m_plus_1c": "-15.7% \u00b1 11.5% (n=251)",
    "price_moved_by_1m_cents": "-0.3\u00a2 \u00b1 0.8\u00a2 (n=251)",
    "price_moved_by_5m_cents": "-0.1\u00a2 \u00b1 1.0\u00a2 (n=251)",
    "copy_1m_win_rate": "58%"
  },
  {
    "group": "not_proven",
    "wallets": 28,
    "decisions": 2765,
    "trader_return": "-6.8% \u00b1 4.9% (n=2765)",
    "copy_1m": "-1.6% \u00b1 9.7% (n=468)",
    "copy_5m": "-2.2% \u00b1 10.7% (n=462)",
    "copy_1m_plus_1c": "-3.6% \u00b1 9.4% (n=468)",
    "copy_5m_plus_1c": "-4.4% \u00b1 10.3% (n=462)",
    "price_moved_by_1m_cents": "-0.5\u00a2 \u00b1 0.8\u00a2 (n=468)",
    "price_moved_by_5m_cents": "-0.6\u00a2 \u00b1 1.3\u00a2 (n=462)",
    "copy_1m_win_rate": "50%"
  },
  {
    "group": "all",
    "wallets": 96,
    "decisions": 10430,
    "trader_return": "-1.4% \u00b1 2.6% (n=10430)",
    "copy_1m": "-4.4% \u00b1 7.0% (n=876)",
    "copy_5m": "-4.8% \u00b1 7.6% (n=870)",
    "copy_1m_plus_1c": "-6.4% \u00b1 6.7% (n=876)",
    "copy_5m_plus_1c": "-6.9% \u00b1 7.2% (n=870)",
    "price_moved_by_1m_cents": "-0.2\u00a2 \u00b1 0.5\u00a2 (n=876)",
    "price_moved_by_5m_cents": "+0.0\u00a2 \u00b1 0.8\u00a2 (n=870)",
    "copy_1m_win_rate": "53%"
  }
]
